+-------------------------------------+-+
|xxx xxxxxxxxxx                       |^|
|xxxxxxxxxxxxxxxxxxxxxxxxxxxxxxxxxxxxx| |
|xxxxxxxxxxxxxxxxxxxxxxxxxxxxxxxxxxxxx| |
|xxxxxxxxxxxxxxxxxxxxxxxxxxxxxxxxxxxxx| |
|xxxxxxxxxxxxxxx                      | |
|xxxxxxxxxxxxxxxxxxxxxxxxxxxxxxxxxxxxx| |
|xxxxxxxxxxxxxxxxxxx xxxxxxxx         |X|
|xxxxxxxxxxxxxxxxxxxxxxxxxxxxxxxxxxxxx| |
|xxxxxxxxxxxxxxxxxxxxxxxxxxxxx        | |
|xxxxxxxxxxxxxxxxxx xxxxxxxxxxxx      | |
|xxxxxxxxxxxxxxxxxxxxxxxxxxxxxxxxxxxxx| |
|xxxxxxxxxxxxxxxxxxxxxxxxxxxxxxxxxxxxx| |
|xxxxxxxxxxxxxxxxxxxxxxxxxxxxxxxxxxxxx| |
|xxxxxxxxxxxxxxxxxxxxxxxxxxxxxxxxxxxxx| |
|xxxxxxxxxxxxxxxxxx                   | |
|xxxxxxxxxxxxxxxxxxxxx                | |
|xxxxxxxxxxxxxxxxxxxxxxxxxxxxxxxxxxxxx| |
|xxxxxxxx xxxxxxxxxxxxxxxxxxxxxxx     | |
|xxxxxxxxxxxxxxxxxxxxxxxxxx xxxx      | |
|xxxxxxxxxxxxxxxxxxxxxxxxxxxxxxxxxxxxx|v|
+-------------------------------------+-+
