+-----------------+-+
|xxxxxxxxxxxxxxxxx|^|
|xxxxxxxxxxxxxxxxx| |
|xxxxxxxxxxxxxxxxx| |
|xxxxxxxxxxxxxxxxx| |
|xxxxxxxxxxxxxxxxx|X|
|xxxxxxxxxxxxxxxxx| |
|xxxxxxxxxxxxxxxxx| |
|xxxxxxxxxxxxxxxxx| |
|xxxxx xxxxxxxxxx | |
|xxxxxxxxxxxxxxxxx| |
|xxxxxxxxxxxxxx   | |
|xxxxxxxxxxxxxxxxx| |
|xxxxxxxxxxxxxxxxx| |
|xxxxxxxxxxxxxxxxx| |
|xxxxxxxxxxxxxxxxx| |
|xxxxxxxxxxxxxxxxx| |
|xxxxxxxxxxxxxxxxx| |
|xxxxxxxxxxxxxxxxx| |
|xxxxxxxxxxxxxxxxx| |
|xxxxxxxxxxxxxxxxx| |
|xxxxxxxxxxxxxxxxx| |
|xxxxxxxxxxxxxxxxx| |
|xxxxxxxxxxxxxxxxx| |
|xxxxxxxxxxxxxxxxx| |
|xxxxxxxxxxxxxxxxx| |
|xxxxxxxxxxxxxxxxx| |
|xxxxxxxxxxxxxxxxx| |
|xxxxxxxxxxxxxxxxx| |
|xxxxxxxxxxxxxx   | |
|xxxxxxx          | |
|xxxxxxxxxxxxxxxxx| |
|xxxxxxxxxxxxxxxxx| |
|xxxxxxxxxxxxxxxxx| |
|xxxxxxxxxxxxxxxxx| |
|xxxxxxxx         | |
|xxxxxxxxxxxxxxxxx| |
|xxxxxxxxxxxxxxxxx| |
|xxxxxxxxxxxxxxxxx| |
|xxxxxxxxxxx      | |
|xxxxxxxxxxxxxxxxx| |
|xxxxxxxxxxxxxxxxx| |
|xxxxxxxxxxxxxxxxx| |
|xxxxxxxxxxxxxxxxx| |
|xxxxxxxxxxxxxxxxx| |
|xxxxxxxxxxx      | |
|xxxxxxxxxxxxxxxxx| |
|xxxxxxxxxxxxxxxxx| |
|xxxxxx           | |
|xxxxxxxxxxxxxxxxx| |
|xxxxxxxxxxxxxxxxx| |
|xx               | |
|xxxxxxxxxxxxxxxxx| |
|xxxxxxxxxxxxxxxxx| |
|xxxxxxxxxxxxxxxxx| |
|xxxxxxxxxxxxxxxxx| |
|xxxxxxxxxxxxxxxxx| |
|xxxxxxxxxxxxxxx  | |
|xxxxxxxxxxxxxxxxx| |
|xxxxxxxxxxxxxxxxx| |
|xxxxxxxxxxxxxxxxx| |
|xxxxxxxxxx       | |
|xxxxxxxxxxxxxxxxx|v|
+-----------------+-+
