+------------------------------------------------+-+
|egestas fringilla phasellus faucibus scelerisque|^|
|eleifend. Sagittis orci a scelerisque purus     | |
|semper eget duis. Nulla pharetra diam sit amet  |x|
|nisl suscipit. Sed adipiscing diam donec        | |
|adipiscing tristique risus nec feugiat in.      |v|
+------------------------------------------------+-+